interactions:
- request:
    body: null
    headers:
      User-Agent:
      - python-requests/2.22.0
    method: GET
    uri: https://app.rakuten.co.jp/services/api/BooksTotal/Search/20170404?applicationId=XXXXXX&formatVersion=2&hits=3&keyword=%E3%83%89%E3%83%B3%E3%83%BB%E3%82%AD%E3%83%9B%E3%83%BC%E3%83%86&sort=sales
  response:
    body:
      string: "{\"count\":124,\"page\":1,\"first\":1,\"last\":3,\"hits\":3,\"carrier\":0,\"pageCount\":42,\"Items\":[{\"title\":\"VIVRE
        CARD\u301CONE PIECE\u56F3\u9451\u301C BOOSTER PACK \u6050\u6016\u306E\u652F\u914D\u8005!
        \u30C9\u30F3\u30AD\u30DB\u30FC\u30C6\u30D5\u30A1\u30DF\u30EA\u30FC!!\",\"author\":\"\u5C3E\u7530
        \u6804\u4E00\u90CE\",\"artistName\":\"\",\"publisherName\":\"\u96C6\u82F1\u793E\",\"label\":\"\",\"isbn\":\"9784089083475\",\"jan\":\"\",\"hardware\":\"\",\"os\":\"\",\"itemCaption\":\"\",\"salesDate\":\"2019\u5E7405\u670801\u65E5\",\"itemPrice\":429,\"listPrice\":0,\"discountRate\":0,\"discountPrice\":0,\"itemUrl\":\"https://books.rakuten.co.jp/rb/15762917/\",\"affiliateUrl\":\"\",\"smallImageUrl\":\"https://thumbnail.image.rakuten.co.jp/@0_mall/book/cabinet/3475/9784089083475.jpg?_ex=64x64\",\"mediumImageUrl\":\"https://thumbnail.image.rakuten.co.jp/@0_mall/book/cabinet/3475/9784089083475.jpg?_ex=120x120\",\"largeImageUrl\":\"https://thumbnail.image.rakuten.co.jp/@0_mall/book/cabinet/3475/9784089083475.jpg?_ex=200x200\",\"chirayomiUrl\":\"\",\"availability\":\"1\",\"postageFlag\":0,\"limitedFlag\":0,\"reviewCount\":1,\"reviewAverage\":\"5.0\",\"booksGenreId\":\"001001001008\"},{\"title\":\"\u30C9\u30F3\u30FB\u30AD\u30DB\u30FC\u30C6\",\"author\":\"\",\"artistName\":\"\u718A\u5DDD\u54F2\u4E5F/\u30A2\u30F3\u30BD\u30CB\u30FC\u30FB\u30C8\u30EF\u30A4\u30CA\u30FC/K\u30D0\u30EC\u30A8\u30AB\u30F3\u30D1\u30CB\u30FC\",\"publisherName\":\"\",\"label\":\"(\u682A)\u30DD\u30CB\u30FC\u30AD\u30E3\u30CB\u30AA\u30F3\",\"isbn\":\"\",\"jan\":\"4900527010123\",\"hardware\":\"\",\"os\":\"\",\"itemCaption\":\"\",\"salesDate\":\"2005\u5E7405\u670818\u65E5\",\"itemPrice\":7810,\"listPrice\":0,\"discountRate\":0,\"discountPrice\":0,\"itemUrl\":\"https://books.rakuten.co.jp/rb/3777828/\",\"affiliateUrl\":\"\",\"smallImageUrl\":\"https://thumbnail.image.rakuten.co.jp/@0_mall/book/cabinet/noimage_01.gif?_ex=64x64\",\"mediumImageUrl\":\"https://thumbnail.image.rakuten.co.jp/@0_mall/book/cabinet/noimage_01.gif?_ex=120x120\",\"largeImageUrl\":\"https://thumbnail.image.rakuten.co.jp/@0_mall/book/cabinet/noimage_01.gif?_ex=200x200\",\"chirayomiUrl\":\"\",\"availability\":\"1\",\"postageFlag\":2,\"limitedFlag\":0,\"reviewCount\":9,\"reviewAverage\":\"4.89\",\"booksGenreId\":\"003207001003/003207002003\"},{\"title\":\"\u5B89\u58F2\u308A\u738B\u4E00\u4EE3
        \u79C1\u306E\u300C\u30C9\u30F3\u30FB\u30AD\u30DB\u30FC\u30C6\u300D\u4EBA\u751F\",\"author\":\"\u5B89\u7530
        \u9686\u592B\",\"artistName\":\"\",\"publisherName\":\"\u6587\u85DD\u6625\u79CB\",\"label\":\"\",\"isbn\":\"9784166610525\",\"jan\":\"\",\"hardware\":\"\",\"os\":\"\",\"itemCaption\":\"\uFF12\uFF16\u671F\u9023\u7D9A\u5897\u53CE\u5897\u76CA\u3068\u3044\u3046\u524D\u4EE3\u672A\u805E\u306E\u5049\u696D\u3092\u6210\u3057\u9042\u3052\u305F\u30C9\u30F3\u30FB\u30AD\u30DB\u30FC\u30C6\u3002\u3060\u304C\u3001\u5275\u696D\u8005\u3001\u5B89\u7530\u9686\u592B\u306E\u4EBA\u751F\u306F\u307E\u3055\u306B\u5931\u6557\u3068\u82E6\u96E3\u306E\u9023\u7D9A\u3060\u3063\u305F\u3002\u300C\u9006\u5F35\u308A\u300D\u300C\u6A29\u9650\u59D4\u8B72\u300D\u300C\u591C\u306E\u5E02\u5834\u300D\u3092\u30AD\u30FC\u30EF\u30FC\u30C9\u306B\u306E\u3057\u4E0A\u304C\u3063\u305F\u7537\u306E\u6CE2\u4E71\u4E07\u4E08\u306E\u4E00\u4EE3\u8A18\uFF01\",\"salesDate\":\"2015\u5E7411\u670820\u65E5\",\"itemPrice\":880,\"listPrice\":0,\"discountRate\":0,\"discountPrice\":0,\"itemUrl\":\"https://books.rakuten.co.jp/rb/13457265/\",\"affiliateUrl\":\"\",\"smallImageUrl\":\"https://thumbnail.image.rakuten.co.jp/@0_mall/book/cabinet/0525/9784166610525.jpg?_ex=64x64\",\"mediumImageUrl\":\"https://thumbnail.image.rakuten.co.jp/@0_mall/book/cabinet/0525/9784166610525.jpg?_ex=120x120\",\"largeImageUrl\":\"https://thumbnail.image.rakuten.co.jp/@0_mall/book/cabinet/0525/9784166610525.jpg?_ex=200x200\",\"chirayomiUrl\":\"\",\"availability\":\"1\",\"postageFlag\":0,\"limitedFlag\":0,\"reviewCount\":16,\"reviewAverage\":\"4.0\",\"booksGenreId\":\"001008005004\"}],\"GenreInformation\":[]}"
    headers:
      Access-Control-Allow-Origin:
      - '*'
      Cache-Control:
      - no-store
      Connection:
      - close
      Content-Language:
      - ja-JP
      Content-Length:
      - '3088'
      Content-Type:
      - application/json;charset=UTF-8
      Date:
      - Tue, 22 Oct 2019 10:40:37 GMT
      Vary:
      - Accept-Encoding
    status:
      code: 200
      message: OK
- request:
    body: null
    headers:
      User-Agent:
      - python-requests/2.22.0
    method: GET
    uri: https://app.rakuten.co.jp/services/api/BooksTotal/Search/20170404?applicationId=XXXXXX&formatVersion=2&hits=3&keyword=%E3%83%89%E3%83%B3%E3%83%BB%E3%82%AD%E3%83%9B%E3%83%BC%E3%83%86&sort=sales
  response:
    body:
      string: "{\"count\":124,\"page\":1,\"first\":1,\"last\":3,\"hits\":3,\"carrier\":0,\"pageCount\":42,\"Items\":[{\"title\":\"VIVRE
        CARD\u301CONE PIECE\u56F3\u9451\u301C BOOSTER PACK \u6050\u6016\u306E\u652F\u914D\u8005!
        \u30C9\u30F3\u30AD\u30DB\u30FC\u30C6\u30D5\u30A1\u30DF\u30EA\u30FC!!\",\"author\":\"\u5C3E\u7530
        \u6804\u4E00\u90CE\",\"artistName\":\"\",\"publisherName\":\"\u96C6\u82F1\u793E\",\"label\":\"\",\"isbn\":\"9784089083475\",\"jan\":\"\",\"hardware\":\"\",\"os\":\"\",\"itemCaption\":\"\",\"salesDate\":\"2019\u5E7405\u670801\u65E5\",\"itemPrice\":429,\"listPrice\":0,\"discountRate\":0,\"discountPrice\":0,\"itemUrl\":\"https://books.rakuten.co.jp/rb/15762917/\",\"affiliateUrl\":\"\",\"smallImageUrl\":\"https://thumbnail.image.rakuten.co.jp/@0_mall/book/cabinet/3475/9784089083475.jpg?_ex=64x64\",\"mediumImageUrl\":\"https://thumbnail.image.rakuten.co.jp/@0_mall/book/cabinet/3475/9784089083475.jpg?_ex=120x120\",\"largeImageUrl\":\"https://thumbnail.image.rakuten.co.jp/@0_mall/book/cabinet/3475/9784089083475.jpg?_ex=200x200\",\"chirayomiUrl\":\"\",\"availability\":\"1\",\"postageFlag\":0,\"limitedFlag\":0,\"reviewCount\":1,\"reviewAverage\":\"5.0\",\"booksGenreId\":\"001001001008\"},{\"title\":\"\u30C9\u30F3\u30FB\u30AD\u30DB\u30FC\u30C6\",\"author\":\"\",\"artistName\":\"\u718A\u5DDD\u54F2\u4E5F/\u30A2\u30F3\u30BD\u30CB\u30FC\u30FB\u30C8\u30EF\u30A4\u30CA\u30FC/K\u30D0\u30EC\u30A8\u30AB\u30F3\u30D1\u30CB\u30FC\",\"publisherName\":\"\",\"label\":\"(\u682A)\u30DD\u30CB\u30FC\u30AD\u30E3\u30CB\u30AA\u30F3\",\"isbn\":\"\",\"jan\":\"4900527010123\",\"hardware\":\"\",\"os\":\"\",\"itemCaption\":\"\",\"salesDate\":\"2005\u5E7405\u670818\u65E5\",\"itemPrice\":7810,\"listPrice\":0,\"discountRate\":0,\"discountPrice\":0,\"itemUrl\":\"https://books.rakuten.co.jp/rb/3777828/\",\"affiliateUrl\":\"\",\"smallImageUrl\":\"https://thumbnail.image.rakuten.co.jp/@0_mall/book/cabinet/noimage_01.gif?_ex=64x64\",\"mediumImageUrl\":\"https://thumbnail.image.rakuten.co.jp/@0_mall/book/cabinet/noimage_01.gif?_ex=120x120\",\"largeImageUrl\":\"https://thumbnail.image.rakuten.co.jp/@0_mall/book/cabinet/noimage_01.gif?_ex=200x200\",\"chirayomiUrl\":\"\",\"availability\":\"1\",\"postageFlag\":2,\"limitedFlag\":0,\"reviewCount\":9,\"reviewAverage\":\"4.89\",\"booksGenreId\":\"003207001003/003207002003\"},{\"title\":\"\u5B89\u58F2\u308A\u738B\u4E00\u4EE3
        \u79C1\u306E\u300C\u30C9\u30F3\u30FB\u30AD\u30DB\u30FC\u30C6\u300D\u4EBA\u751F\",\"author\":\"\u5B89\u7530
        \u9686\u592B\",\"artistName\":\"\",\"publisherName\":\"\u6587\u85DD\u6625\u79CB\",\"label\":\"\",\"isbn\":\"9784166610525\",\"jan\":\"\",\"hardware\":\"\",\"os\":\"\",\"itemCaption\":\"\uFF12\uFF16\u671F\u9023\u7D9A\u5897\u53CE\u5897\u76CA\u3068\u3044\u3046\u524D\u4EE3\u672A\u805E\u306E\u5049\u696D\u3092\u6210\u3057\u9042\u3052\u305F\u30C9\u30F3\u30FB\u30AD\u30DB\u30FC\u30C6\u3002\u3060\u304C\u3001\u5275\u696D\u8005\u3001\u5B89\u7530\u9686\u592B\u306E\u4EBA\u751F\u306F\u307E\u3055\u306B\u5931\u6557\u3068\u82E6\u96E3\u306E\u9023\u7D9A\u3060\u3063\u305F\u3002\u300C\u9006\u5F35\u308A\u300D\u300C\u6A29\u9650\u59D4\u8B72\u300D\u300C\u591C\u306E\u5E02\u5834\u300D\u3092\u30AD\u30FC\u30EF\u30FC\u30C9\u306B\u306E\u3057\u4E0A\u304C\u3063\u305F\u7537\u306E\u6CE2\u4E71\u4E07\u4E08\u306E\u4E00\u4EE3\u8A18\uFF01\",\"salesDate\":\"2015\u5E7411\u670820\u65E5\",\"itemPrice\":880,\"listPrice\":0,\"discountRate\":0,\"discountPrice\":0,\"itemUrl\":\"https://books.rakuten.co.jp/rb/13457265/\",\"affiliateUrl\":\"\",\"smallImageUrl\":\"https://thumbnail.image.rakuten.co.jp/@0_mall/book/cabinet/0525/9784166610525.jpg?_ex=64x64\",\"mediumImageUrl\":\"https://thumbnail.image.rakuten.co.jp/@0_mall/book/cabinet/0525/9784166610525.jpg?_ex=120x120\",\"largeImageUrl\":\"https://thumbnail.image.rakuten.co.jp/@0_mall/book/cabinet/0525/9784166610525.jpg?_ex=200x200\",\"chirayomiUrl\":\"\",\"availability\":\"1\",\"postageFlag\":0,\"limitedFlag\":0,\"reviewCount\":16,\"reviewAverage\":\"4.0\",\"booksGenreId\":\"001008005004\"}],\"GenreInformation\":[]}"
    headers:
      Access-Control-Allow-Origin:
      - '*'
      Cache-Control:
      - no-store
      Connection:
      - close
      Content-Language:
      - ja-JP
      Content-Length:
      - '3088'
      Content-Type:
      - application/json;charset=UTF-8
      Date:
      - Tue, 22 Oct 2019 11:54:58 GMT
      Vary:
      - Accept-Encoding
    status:
      code: 200
      message: OK
- request:
    body: null
    headers:
      User-Agent:
      - python-requests/2.22.0
    method: GET
    uri: https://app.rakuten.co.jp/services/api/BooksTotal/Search/20170404?applicationId=XXXXXX&formatVersion=2&hits=3&keyword=One+Piece&sort=sales
  response:
    body:
      string: "{\"count\":866,\"page\":1,\"first\":1,\"last\":3,\"hits\":3,\"carrier\":0,\"pageCount\":100,\"Items\":[{\"title\":\"ONE
        PIECE 94\",\"author\":\"\u5C3E\u7530 \u6804\u4E00\u90CE\",\"artistName\":\"\",\"publisherName\":\"\u96C6\u82F1\u793E\",\"label\":\"\",\"isbn\":\"9784088820545\",\"jan\":\"\",\"hardware\":\"\",\"os\":\"\",\"itemCaption\":\"\",\"salesDate\":\"2019\u5E7410\u670804\u65E5\",\"itemPrice\":484,\"listPrice\":0,\"discountRate\":0,\"discountPrice\":0,\"itemUrl\":\"https://books.rakuten.co.jp/rb/16023392/\",\"affiliateUrl\":\"\",\"smallImageUrl\":\"https://thumbnail.image.rakuten.co.jp/@0_mall/book/cabinet/0545/9784088820545.jpg?_ex=64x64\",\"mediumImageUrl\":\"https://thumbnail.image.rakuten.co.jp/@0_mall/book/cabinet/0545/9784088820545.jpg?_ex=120x120\",\"largeImageUrl\":\"https://thumbnail.image.rakuten.co.jp/@0_mall/book/cabinet/0545/9784088820545.jpg?_ex=200x200\",\"chirayomiUrl\":\"\",\"availability\":\"1\",\"postageFlag\":0,\"limitedFlag\":0,\"reviewCount\":71,\"reviewAverage\":\"4.62\",\"booksGenreId\":\"001001001008\"},{\"title\":\"ONE
        PIECE 93\",\"author\":\"\u5C3E\u7530 \u6804\u4E00\u90CE\",\"artistName\":\"\",\"publisherName\":\"\u96C6\u82F1\u793E\",\"label\":\"\",\"isbn\":\"9784088818771\",\"jan\":\"\",\"hardware\":\"\",\"os\":\"\",\"itemCaption\":\"\",\"salesDate\":\"2019\u5E7407\u670804\u65E5\",\"itemPrice\":484,\"listPrice\":0,\"discountRate\":0,\"discountPrice\":0,\"itemUrl\":\"https://books.rakuten.co.jp/rb/15924166/\",\"affiliateUrl\":\"\",\"smallImageUrl\":\"https://thumbnail.image.rakuten.co.jp/@0_mall/book/cabinet/8771/9784088818771.jpg?_ex=64x64\",\"mediumImageUrl\":\"https://thumbnail.image.rakuten.co.jp/@0_mall/book/cabinet/8771/9784088818771.jpg?_ex=120x120\",\"largeImageUrl\":\"https://thumbnail.image.rakuten.co.jp/@0_mall/book/cabinet/8771/9784088818771.jpg?_ex=200x200\",\"chirayomiUrl\":\"\",\"availability\":\"1\",\"postageFlag\":0,\"limitedFlag\":0,\"reviewCount\":176,\"reviewAverage\":\"4.34\",\"booksGenreId\":\"001001001008\"},{\"title\":\"ONE
        PIECE DOORS! 2\",\"author\":\"\u5C3E\u7530 \u6804\u4E00\u90CE\",\"artistName\":\"\",\"publisherName\":\"\u96C6\u82F1\u793E\",\"label\":\"\",\"isbn\":\"9784088815602\",\"jan\":\"\",\"hardware\":\"\",\"os\":\"\",\"itemCaption\":\"\",\"salesDate\":\"2018\u5E7407\u670804\u65E5\",\"itemPrice\":715,\"listPrice\":0,\"discountRate\":0,\"discountPrice\":0,\"itemUrl\":\"https://books.rakuten.co.jp/rb/15504359/\",\"affiliateUrl\":\"\",\"smallImageUrl\":\"https://thumbnail.image.rakuten.co.jp/@0_mall/book/cabinet/5602/9784088815602.jpg?_ex=64x64\",\"mediumImageUrl\":\"https://thumbnail.image.rakuten.co.jp/@0_mall/book/cabinet/5602/9784088815602.jpg?_ex=120x120\",\"largeImageUrl\":\"https://thumbnail.image.rakuten.co.jp/@0_mall/book/cabinet/5602/9784088815602.jpg?_ex=200x200\",\"chirayomiUrl\":\"\",\"availability\":\"1\",\"postageFlag\":0,\"limitedFlag\":0,\"reviewCount\":9,\"reviewAverage\":\"4.55\",\"booksGenreId\":\"001001001008\"}],\"GenreInformation\":[]}"
    headers:
      Access-Control-Allow-Origin:
      - '*'
      Cache-Control:
      - no-store
      Connection:
      - close
      Content-Language:
      - ja-JP
      Content-Length:
      - '2579'
      Content-Type:
      - application/json;charset=UTF-8
      Date:
      - Tue, 22 Oct 2019 12:15:54 GMT
      Vary:
      - Accept-Encoding
    status:
      code: 200
      message: OK
- request:
    body: null
    headers:
      User-Agent:
      - python-requests/2.22.0
    method: GET
    uri: https://app.rakuten.co.jp/services/api/BooksTotal/Search/20170404?applicationId=XXXXXX&formatVersion=2&hits=3&keyword=One+Piece&sort=sales
  response:
    body:
      string: "{\"count\":866,\"page\":1,\"first\":1,\"last\":3,\"hits\":3,\"carrier\":0,\"pageCount\":100,\"Items\":[{\"title\":\"ONE
        PIECE 94\",\"author\":\"\u5C3E\u7530 \u6804\u4E00\u90CE\",\"artistName\":\"\",\"publisherName\":\"\u96C6\u82F1\u793E\",\"label\":\"\",\"isbn\":\"9784088820545\",\"jan\":\"\",\"hardware\":\"\",\"os\":\"\",\"itemCaption\":\"\",\"salesDate\":\"2019\u5E7410\u670804\u65E5\",\"itemPrice\":484,\"listPrice\":0,\"discountRate\":0,\"discountPrice\":0,\"itemUrl\":\"https://books.rakuten.co.jp/rb/16023392/\",\"affiliateUrl\":\"\",\"smallImageUrl\":\"https://thumbnail.image.rakuten.co.jp/@0_mall/book/cabinet/0545/9784088820545.jpg?_ex=64x64\",\"mediumImageUrl\":\"https://thumbnail.image.rakuten.co.jp/@0_mall/book/cabinet/0545/9784088820545.jpg?_ex=120x120\",\"largeImageUrl\":\"https://thumbnail.image.rakuten.co.jp/@0_mall/book/cabinet/0545/9784088820545.jpg?_ex=200x200\",\"chirayomiUrl\":\"\",\"availability\":\"1\",\"postageFlag\":0,\"limitedFlag\":0,\"reviewCount\":71,\"reviewAverage\":\"4.62\",\"booksGenreId\":\"001001001008\"},{\"title\":\"ONE
        PIECE 93\",\"author\":\"\u5C3E\u7530 \u6804\u4E00\u90CE\",\"artistName\":\"\",\"publisherName\":\"\u96C6\u82F1\u793E\",\"label\":\"\",\"isbn\":\"9784088818771\",\"jan\":\"\",\"hardware\":\"\",\"os\":\"\",\"itemCaption\":\"\",\"salesDate\":\"2019\u5E7407\u670804\u65E5\",\"itemPrice\":484,\"listPrice\":0,\"discountRate\":0,\"discountPrice\":0,\"itemUrl\":\"https://books.rakuten.co.jp/rb/15924166/\",\"affiliateUrl\":\"\",\"smallImageUrl\":\"https://thumbnail.image.rakuten.co.jp/@0_mall/book/cabinet/8771/9784088818771.jpg?_ex=64x64\",\"mediumImageUrl\":\"https://thumbnail.image.rakuten.co.jp/@0_mall/book/cabinet/8771/9784088818771.jpg?_ex=120x120\",\"largeImageUrl\":\"https://thumbnail.image.rakuten.co.jp/@0_mall/book/cabinet/8771/9784088818771.jpg?_ex=200x200\",\"chirayomiUrl\":\"\",\"availability\":\"1\",\"postageFlag\":0,\"limitedFlag\":0,\"reviewCount\":176,\"reviewAverage\":\"4.34\",\"booksGenreId\":\"001001001008\"},{\"title\":\"ONE
        PIECE DOORS! 2\",\"author\":\"\u5C3E\u7530 \u6804\u4E00\u90CE\",\"artistName\":\"\",\"publisherName\":\"\u96C6\u82F1\u793E\",\"label\":\"\",\"isbn\":\"9784088815602\",\"jan\":\"\",\"hardware\":\"\",\"os\":\"\",\"itemCaption\":\"\",\"salesDate\":\"2018\u5E7407\u670804\u65E5\",\"itemPrice\":715,\"listPrice\":0,\"discountRate\":0,\"discountPrice\":0,\"itemUrl\":\"https://books.rakuten.co.jp/rb/15504359/\",\"affiliateUrl\":\"\",\"smallImageUrl\":\"https://thumbnail.image.rakuten.co.jp/@0_mall/book/cabinet/5602/9784088815602.jpg?_ex=64x64\",\"mediumImageUrl\":\"https://thumbnail.image.rakuten.co.jp/@0_mall/book/cabinet/5602/9784088815602.jpg?_ex=120x120\",\"largeImageUrl\":\"https://thumbnail.image.rakuten.co.jp/@0_mall/book/cabinet/5602/9784088815602.jpg?_ex=200x200\",\"chirayomiUrl\":\"\",\"availability\":\"1\",\"postageFlag\":0,\"limitedFlag\":0,\"reviewCount\":9,\"reviewAverage\":\"4.55\",\"booksGenreId\":\"001001001008\"}],\"GenreInformation\":[]}"
    headers:
      Access-Control-Allow-Origin:
      - '*'
      Cache-Control:
      - no-store
      Connection:
      - close
      Content-Language:
      - ja-JP
      Content-Length:
      - '2579'
      Content-Type:
      - application/json;charset=UTF-8
      Date:
      - Tue, 22 Oct 2019 12:21:00 GMT
      Vary:
      - Accept-Encoding
    status:
      code: 200
      message: OK
- request:
    body: null
    headers:
      User-Agent:
      - python-requests/2.22.0
    method: GET
    uri: https://app.rakuten.co.jp/services/api/BooksTotal/Search/20170404?applicationId=XXXXXX&formatVersion=2&hits=3&keyword=One+Piece&sort=sales
  response:
    body:
      string: "{\"count\":866,\"page\":1,\"first\":1,\"last\":3,\"hits\":3,\"carrier\":0,\"pageCount\":100,\"Items\":[{\"title\":\"ONE
        PIECE 94\",\"author\":\"\u5C3E\u7530 \u6804\u4E00\u90CE\",\"artistName\":\"\",\"publisherName\":\"\u96C6\u82F1\u793E\",\"label\":\"\",\"isbn\":\"9784088820545\",\"jan\":\"\",\"hardware\":\"\",\"os\":\"\",\"itemCaption\":\"\",\"salesDate\":\"2019\u5E7410\u670804\u65E5\",\"itemPrice\":484,\"listPrice\":0,\"discountRate\":0,\"discountPrice\":0,\"itemUrl\":\"https://books.rakuten.co.jp/rb/16023392/\",\"affiliateUrl\":\"\",\"smallImageUrl\":\"https://thumbnail.image.rakuten.co.jp/@0_mall/book/cabinet/0545/9784088820545.jpg?_ex=64x64\",\"mediumImageUrl\":\"https://thumbnail.image.rakuten.co.jp/@0_mall/book/cabinet/0545/9784088820545.jpg?_ex=120x120\",\"largeImageUrl\":\"https://thumbnail.image.rakuten.co.jp/@0_mall/book/cabinet/0545/9784088820545.jpg?_ex=200x200\",\"chirayomiUrl\":\"\",\"availability\":\"1\",\"postageFlag\":0,\"limitedFlag\":0,\"reviewCount\":71,\"reviewAverage\":\"4.62\",\"booksGenreId\":\"001001001008\"},{\"title\":\"ONE
        PIECE 93\",\"author\":\"\u5C3E\u7530 \u6804\u4E00\u90CE\",\"artistName\":\"\",\"publisherName\":\"\u96C6\u82F1\u793E\",\"label\":\"\",\"isbn\":\"9784088818771\",\"jan\":\"\",\"hardware\":\"\",\"os\":\"\",\"itemCaption\":\"\",\"salesDate\":\"2019\u5E7407\u670804\u65E5\",\"itemPrice\":484,\"listPrice\":0,\"discountRate\":0,\"discountPrice\":0,\"itemUrl\":\"https://books.rakuten.co.jp/rb/15924166/\",\"affiliateUrl\":\"\",\"smallImageUrl\":\"https://thumbnail.image.rakuten.co.jp/@0_mall/book/cabinet/8771/9784088818771.jpg?_ex=64x64\",\"mediumImageUrl\":\"https://thumbnail.image.rakuten.co.jp/@0_mall/book/cabinet/8771/9784088818771.jpg?_ex=120x120\",\"largeImageUrl\":\"https://thumbnail.image.rakuten.co.jp/@0_mall/book/cabinet/8771/9784088818771.jpg?_ex=200x200\",\"chirayomiUrl\":\"\",\"availability\":\"1\",\"postageFlag\":0,\"limitedFlag\":0,\"reviewCount\":176,\"reviewAverage\":\"4.34\",\"booksGenreId\":\"001001001008\"},{\"title\":\"ONE
        PIECE DOORS! 2\",\"author\":\"\u5C3E\u7530 \u6804\u4E00\u90CE\",\"artistName\":\"\",\"publisherName\":\"\u96C6\u82F1\u793E\",\"label\":\"\",\"isbn\":\"9784088815602\",\"jan\":\"\",\"hardware\":\"\",\"os\":\"\",\"itemCaption\":\"\",\"salesDate\":\"2018\u5E7407\u670804\u65E5\",\"itemPrice\":715,\"listPrice\":0,\"discountRate\":0,\"discountPrice\":0,\"itemUrl\":\"https://books.rakuten.co.jp/rb/15504359/\",\"affiliateUrl\":\"\",\"smallImageUrl\":\"https://thumbnail.image.rakuten.co.jp/@0_mall/book/cabinet/5602/9784088815602.jpg?_ex=64x64\",\"mediumImageUrl\":\"https://thumbnail.image.rakuten.co.jp/@0_mall/book/cabinet/5602/9784088815602.jpg?_ex=120x120\",\"largeImageUrl\":\"https://thumbnail.image.rakuten.co.jp/@0_mall/book/cabinet/5602/9784088815602.jpg?_ex=200x200\",\"chirayomiUrl\":\"\",\"availability\":\"1\",\"postageFlag\":0,\"limitedFlag\":0,\"reviewCount\":9,\"reviewAverage\":\"4.55\",\"booksGenreId\":\"001001001008\"}],\"GenreInformation\":[]}"
    headers:
      Access-Control-Allow-Origin:
      - '*'
      Cache-Control:
      - no-store
      Connection:
      - close
      Content-Language:
      - ja-JP
      Content-Length:
      - '2579'
      Content-Type:
      - application/json;charset=UTF-8
      Date:
      - Tue, 22 Oct 2019 12:24:10 GMT
      Vary:
      - Accept-Encoding
    status:
      code: 200
      message: OK
- request:
    body: null
    headers:
      User-Agent:
      - python-requests/2.22.0
    method: GET
    uri: https://app.rakuten.co.jp/services/api/BooksTotal/Search/20170404?applicationId=XXXXXX&formatVersion=2&hits=3&keyword=One+Piece&sort=sales
  response:
    body:
      string: "{\"count\":866,\"page\":1,\"first\":1,\"last\":3,\"hits\":3,\"carrier\":0,\"pageCount\":100,\"Items\":[{\"title\":\"ONE
        PIECE 94\",\"author\":\"\u5C3E\u7530 \u6804\u4E00\u90CE\",\"artistName\":\"\",\"publisherName\":\"\u96C6\u82F1\u793E\",\"label\":\"\",\"isbn\":\"9784088820545\",\"jan\":\"\",\"hardware\":\"\",\"os\":\"\",\"itemCaption\":\"\",\"salesDate\":\"2019\u5E7410\u670804\u65E5\",\"itemPrice\":484,\"listPrice\":0,\"discountRate\":0,\"discountPrice\":0,\"itemUrl\":\"https://books.rakuten.co.jp/rb/16023392/\",\"affiliateUrl\":\"\",\"smallImageUrl\":\"https://thumbnail.image.rakuten.co.jp/@0_mall/book/cabinet/0545/9784088820545.jpg?_ex=64x64\",\"mediumImageUrl\":\"https://thumbnail.image.rakuten.co.jp/@0_mall/book/cabinet/0545/9784088820545.jpg?_ex=120x120\",\"largeImageUrl\":\"https://thumbnail.image.rakuten.co.jp/@0_mall/book/cabinet/0545/9784088820545.jpg?_ex=200x200\",\"chirayomiUrl\":\"\",\"availability\":\"1\",\"postageFlag\":0,\"limitedFlag\":0,\"reviewCount\":71,\"reviewAverage\":\"4.62\",\"booksGenreId\":\"001001001008\"},{\"title\":\"ONE
        PIECE 93\",\"author\":\"\u5C3E\u7530 \u6804\u4E00\u90CE\",\"artistName\":\"\",\"publisherName\":\"\u96C6\u82F1\u793E\",\"label\":\"\",\"isbn\":\"9784088818771\",\"jan\":\"\",\"hardware\":\"\",\"os\":\"\",\"itemCaption\":\"\",\"salesDate\":\"2019\u5E7407\u670804\u65E5\",\"itemPrice\":484,\"listPrice\":0,\"discountRate\":0,\"discountPrice\":0,\"itemUrl\":\"https://books.rakuten.co.jp/rb/15924166/\",\"affiliateUrl\":\"\",\"smallImageUrl\":\"https://thumbnail.image.rakuten.co.jp/@0_mall/book/cabinet/8771/9784088818771.jpg?_ex=64x64\",\"mediumImageUrl\":\"https://thumbnail.image.rakuten.co.jp/@0_mall/book/cabinet/8771/9784088818771.jpg?_ex=120x120\",\"largeImageUrl\":\"https://thumbnail.image.rakuten.co.jp/@0_mall/book/cabinet/8771/9784088818771.jpg?_ex=200x200\",\"chirayomiUrl\":\"\",\"availability\":\"1\",\"postageFlag\":0,\"limitedFlag\":0,\"reviewCount\":176,\"reviewAverage\":\"4.34\",\"booksGenreId\":\"001001001008\"},{\"title\":\"ONE
        PIECE DOORS! 2\",\"author\":\"\u5C3E\u7530 \u6804\u4E00\u90CE\",\"artistName\":\"\",\"publisherName\":\"\u96C6\u82F1\u793E\",\"label\":\"\",\"isbn\":\"9784088815602\",\"jan\":\"\",\"hardware\":\"\",\"os\":\"\",\"itemCaption\":\"\",\"salesDate\":\"2018\u5E7407\u670804\u65E5\",\"itemPrice\":715,\"listPrice\":0,\"discountRate\":0,\"discountPrice\":0,\"itemUrl\":\"https://books.rakuten.co.jp/rb/15504359/\",\"affiliateUrl\":\"\",\"smallImageUrl\":\"https://thumbnail.image.rakuten.co.jp/@0_mall/book/cabinet/5602/9784088815602.jpg?_ex=64x64\",\"mediumImageUrl\":\"https://thumbnail.image.rakuten.co.jp/@0_mall/book/cabinet/5602/9784088815602.jpg?_ex=120x120\",\"largeImageUrl\":\"https://thumbnail.image.rakuten.co.jp/@0_mall/book/cabinet/5602/9784088815602.jpg?_ex=200x200\",\"chirayomiUrl\":\"\",\"availability\":\"1\",\"postageFlag\":0,\"limitedFlag\":0,\"reviewCount\":9,\"reviewAverage\":\"4.55\",\"booksGenreId\":\"001001001008\"}],\"GenreInformation\":[]}"
    headers:
      Access-Control-Allow-Origin:
      - '*'
      Cache-Control:
      - no-store
      Connection:
      - close
      Content-Language:
      - ja-JP
      Content-Length:
      - '2579'
      Content-Type:
      - application/json;charset=UTF-8
      Date:
      - Tue, 22 Oct 2019 12:24:43 GMT
      Vary:
      - Accept-Encoding
    status:
      code: 200
      message: OK
version: 1
